12:30:37 **** Incremental Build of configuration Debug for project Power_Supply_Test ****
make -j24 all 
arm-none-eabi-gcc "../Core/Src/main.c" -mcpu=cortex-m7 -std=gnu11 -g3 -DDEBUG -DUSE_HAL_DRIVER -DSTM32F767xx -c -I../Core/Inc -I../Drivers/STM32F7xx_HAL_Driver/Inc -I../Drivers/STM32F7xx_HAL_Driver/Inc/Legacy -I../Drivers/CMSIS/Device/ST/STM32F7xx/Include -I../Drivers/CMSIS/Include -O0 -ffunction-sections -fdata-sections -Wall -fstack-usage -fcyclomatic-complexity -MMD -MP -MF"Core/Src/main.d" -MT"Core/Src/main.o" --specs=nano.specs -mfpu=fpv5-d16 -mfloat-abi=hard -mthumb -o "Core/Src/main.o"
arm-none-eabi-gcc -o "Power_Supply_Test.elf" @"objects.list"   -mcpu=cortex-m7 -T"C:\Coding\test\STM32F767ZITX_FLASH.ld" --specs=nosys.specs -Wl,-Map="Power_Supply_Test.map" -Wl,--gc-sections -static --specs=nano.specs -mfpu=fpv5-d16 -mfloat-abi=hard -mthumb -Wl,--start-group -lc -lm -Wl,--end-group
Finished building target: Power_Supply_Test.elf
 
arm-none-eabi-size  Power_Supply_Test.elf 
arm-none-eabi-objdump -h -S Power_Supply_Test.elf  > "Power_Supply_Test.list"
   text	   data	    bss	    dec	    hex	filename
  16292	    332	   3196	  19820	   4d6c	Power_Supply_Test.elf
Finished building: default.size.stdout
 
Finished building: Power_Supply_Test.list
 

12:30:38 Build Finished. 0 errors, 0 warnings. (took 547ms)

