../Core/Src/main.c:144:6:HAL_TIM_PeriodElapsedCallback	16	static
../Core/Src/main.c:149:6:HAL_I2C_SlaveRxCpltCallback	16	static
../Core/Src/main.c:167:5:main	136	static
../Core/Src/main.c:299:6:SystemClock_Config	120	static
../Core/Src/main.c:362:6:PeriphCommonClock_Config	200	static
../Core/Src/main.c:389:13:MX_ADC1_Init	48	static
../Core/Src/main.c:457:13:MX_ADC2_Init	40	static
../Core/Src/main.c:516:13:MX_DAC1_Init	48	static
../Core/Src/main.c:567:13:MX_I2C1_Init	8	static
../Core/Src/main.c:617:13:MX_TIM1_Init	40	static
../Core/Src/main.c:664:13:MX_TIM2_Init	40	static
../Core/Src/main.c:707:13:MX_DMA_Init	16	static
../Core/Src/main.c:728:13:MX_GPIO_Init	48	static
../Core/Src/main.c:784:6:step_motor	16	static
../Core/Src/main.c:793:6:rotate_angle_forwards	40	static
../Core/Src/main.c:841:6:rotate_angle_backwards	40	static
../Core/Src/main.c:893:6:EmergencyStop	8	static
../Core/Src/main.c:903:6:OverideSystem	8	static
../Core/Src/main.c:912:6:camera	16	static
../Core/Src/main.c:929:6:ThermalAndPulseSensor	4	static
../Core/Src/main.c:976:6:DetermineChoice	4	static
../Core/Src/main.c:1020:6:TrackDecision	16	static
../Core/Src/main.c:1199:6:StartDefaultTask	24	static
../Core/Src/main.c:1248:6:PulseSensorTaskHandler	16	static
../Core/Src/main.c:1285:6:ThermalSensorTaskHandler	24	static
../Core/Src/main.c:1317:6:MPU_Config	24	static
../Core/Src/main.c:1352:6:Error_Handler	4	static,ignoring_inline_asm
