../Core/Src/stm32h7xx_it.c:73:6:NMI_Handler	4	static
../Core/Src/stm32h7xx_it.c:88:6:HardFault_Handler	4	static
../Core/Src/stm32h7xx_it.c:103:6:MemManage_Handler	4	static
../Core/Src/stm32h7xx_it.c:118:6:BusFault_Handler	4	static
../Core/Src/stm32h7xx_it.c:133:6:UsageFault_Handler	4	static
../Core/Src/stm32h7xx_it.c:148:6:DebugMon_Handler	4	static
../Core/Src/stm32h7xx_it.c:161:6:SysTick_Handler	8	static
../Core/Src/stm32h7xx_it.c:190:6:DMA1_Stream0_IRQHandler	8	static
../Core/Src/stm32h7xx_it.c:204:6:DMA1_Stream1_IRQHandler	8	static
../Core/Src/stm32h7xx_it.c:218:6:I2C1_EV_IRQHandler	8	static
../Core/Src/stm32h7xx_it.c:232:6:I2C1_ER_IRQHandler	8	static
../Core/Src/stm32h7xx_it.c:246:6:EXTI15_10_IRQHandler	8	static
